{
    "name": "Blog/Sub",
    "alias": "blog/sub",
    "description": "",
    "keywords": [],
    "priority": 0,
    "providers": [
        "Modules\\Blog\\Sub\\Providers\\SubServiceProvider"
    ],
    "aliases": {},
    "files": [],
    "requires": []
}
